Copyright 1986-2022 Xilinx, Inc. All Rights Reserved. Copyright 2022-2026 Advanced Micro Devices, Inc. All Rights Reserved.
----------------------------------------------------------------------------------------------------------------------------------------------------------------------------------
| Tool Version      : Vivado v.2025.2.1 (lin64) Build 6403652 Thu Mar 19 13:47:00 MDT 2026
| Date              : Fri Sep  4 21:34:52 2026
| Host              : ccgpu4 running 64-bit Ubuntu 20.04.5 LTS
| Command           : report_timing_summary -file /mnt/ccnas2/bdp/as8625/hgq-jetformer/experiment/C1_CROP64_SEED42/models/alkaid/output_model/reports/model_post_synth_timing.rpt
| Design            : model
| Device            : xcvu13p-flga2577
| Speed File        : -2  PRODUCTION 1.28 03-30-2022
| Design State      : Synthesized
| Temperature Grade : E
----------------------------------------------------------------------------------------------------------------------------------------------------------------------------------

Timing Summary Report

------------------------------------------------------------------------------------------------
| Timer Settings
| --------------
------------------------------------------------------------------------------------------------

  Enable Multi Corner Analysis               :  Yes
  Enable Pessimism Removal                   :  Yes
  Pessimism Removal Resolution               :  Nearest Common Node
  Enable Input Delay Default Clock           :  No
  Enable Preset / Clear Arcs                 :  No
  Disable Flight Delays                      :  No
  Ignore I/O Paths                           :  No
  Timing Early Launch at Borrowing Latches   :  No
  Borrow Time for Max Delay Exceptions       :  Yes
  Merge Timing Exceptions                    :  Yes
  Inter-SLR Compensation                     :  Conservative

  Corner  Analyze    Analyze    
  Name    Max Paths  Min Paths  
  ------  ---------  ---------  
  Slow    Yes        Yes        
  Fast    Yes        Yes        


------------------------------------------------------------------------------------------------
| Report Methodology
| ------------------
------------------------------------------------------------------------------------------------

No report available as report_methodology has not been run prior. Run report_methodology on the current design for the summary of methodology violations.



check_timing report

Table of Contents
-----------------
1. checking no_clock (0)
2. checking constant_clock (0)
3. checking pulse_width_clock (0)
4. checking unconstrained_internal_endpoints (0)
5. checking no_input_delay (0)
6. checking no_output_delay (0)
7. checking multiple_clock (0)
8. checking generated_clocks (0)
9. checking loops (0)
10. checking partial_input_delay (0)
11. checking partial_output_delay (0)
12. checking latch_loops (0)

1. checking no_clock (0)
------------------------
 There are 0 register/latch pins with no clock.


2. checking constant_clock (0)
------------------------------
 There are 0 register/latch pins with constant_clock.


3. checking pulse_width_clock (0)
---------------------------------
 There are 0 register/latch pins which need pulse_width check


4. checking unconstrained_internal_endpoints (0)
------------------------------------------------
 There are 0 pins that are not constrained for maximum delay.

 There are 0 pins that are not constrained for maximum delay due to constant clock.


5. checking no_input_delay (0)
------------------------------
 There are 0 input ports with no input delay specified.

 There are 0 input ports with no input delay but user has a false path constraint.


6. checking no_output_delay (0)
-------------------------------
 There are 0 ports with no output delay specified.

 There are 0 ports with no output delay but user has a false path constraint

 There are 0 ports with no output delay but with a timing clock defined on it or propagating through it


7. checking multiple_clock (0)
------------------------------
 There are 0 register/latch pins with multiple clocks.


8. checking generated_clocks (0)
--------------------------------
 There are 0 generated clocks that are not connected to a clock source.


9. checking loops (0)
---------------------
 There are 0 combinational loops in the design.


10. checking partial_input_delay (0)
------------------------------------
 There are 0 input ports with partial input delay specified.


11. checking partial_output_delay (0)
-------------------------------------
 There are 0 ports with partial output delay specified.


12. checking latch_loops (0)
----------------------------
 There are 0 combinational latch loops in the design through latch input



------------------------------------------------------------------------------------------------
| Design Timing Summary
| ---------------------
------------------------------------------------------------------------------------------------

    WNS(ns)      TNS(ns)  TNS Failing Endpoints  TNS Total Endpoints      WHS(ns)      THS(ns)  THS Failing Endpoints  THS Total Endpoints     WPWS(ns)     TPWS(ns)  TPWS Failing Endpoints  TPWS Total Endpoints  
    -------      -------  ---------------------  -------------------      -------      -------  ---------------------  -------------------     --------     --------  ----------------------  --------------------  
     -0.567      -11.276                     70               202935       -0.461   -54704.125                 196492               202935        1.968        0.000                       0                202335  


Timing constraints are not met.


------------------------------------------------------------------------------------------------
| Clock Summary
| -------------
------------------------------------------------------------------------------------------------

Clock    Waveform(ns)         Period(ns)      Frequency(MHz)
-----    ------------         ----------      --------------
sys_clk  {0.000 2.500}        5.000           200.000         


------------------------------------------------------------------------------------------------
| Intra Clock Table
| -----------------
------------------------------------------------------------------------------------------------

Clock             WNS(ns)      TNS(ns)  TNS Failing Endpoints  TNS Total Endpoints      WHS(ns)      THS(ns)  THS Failing Endpoints  THS Total Endpoints     WPWS(ns)     TPWS(ns)  TPWS Failing Endpoints  TPWS Total Endpoints  
-----             -------      -------  ---------------------  -------------------      -------      -------  ---------------------  -------------------     --------     --------  ----------------------  --------------------  
sys_clk            -0.567      -11.276                     70               202935       -0.461   -54704.125                 196492               202935        1.968        0.000                       0                202335  


------------------------------------------------------------------------------------------------
| Inter Clock Table
| -----------------
------------------------------------------------------------------------------------------------

From Clock    To Clock          WNS(ns)      TNS(ns)  TNS Failing Endpoints  TNS Total Endpoints      WHS(ns)      THS(ns)  THS Failing Endpoints  THS Total Endpoints  
----------    --------          -------      -------  ---------------------  -------------------      -------      -------  ---------------------  -------------------  


------------------------------------------------------------------------------------------------
| Other Path Groups Table
| -----------------------
------------------------------------------------------------------------------------------------

Path Group    From Clock    To Clock          WNS(ns)      TNS(ns)  TNS Failing Endpoints  TNS Total Endpoints      WHS(ns)      THS(ns)  THS Failing Endpoints  THS Total Endpoints  
----------    ----------    --------          -------      -------  ---------------------  -------------------      -------      -------  ---------------------  -------------------  


------------------------------------------------------------------------------------------------
| Timing Details
| --------------
------------------------------------------------------------------------------------------------


---------------------------------------------------------------------------------------------------
From Clock:  sys_clk
  To Clock:  sys_clk

Setup :           70  Failing Endpoints,  Worst Slack       -0.567ns,  Total Violation      -11.276ns
Hold  :       196492  Failing Endpoints,  Worst Slack       -0.461ns,  Total Violation   -54704.124ns
PW    :            0  Failing Endpoints,  Worst Slack        1.968ns,  Total Violation        0.000ns
---------------------------------------------------------------------------------------------------


Max Delay Paths
--------------------------------------------------------------------------------------
Slack (VIOLATED) :        -0.567ns  (required time - arrival time)
  Source:                 stage1_inp_reg[2172]/C
                            (rising edge-triggered cell FDRE clocked by sys_clk  {rise@0.000ns fall@2.500ns period=5.000ns})
  Destination:            stage2_inp_reg[15564]/D
                            (rising edge-triggered cell FDRE clocked by sys_clk  {rise@0.000ns fall@2.500ns period=5.000ns})
  Path Group:             sys_clk
  Path Type:              Setup (Max at Slow Process Corner)
  Requirement:            5.000ns  (sys_clk rise@5.000ns - sys_clk rise@0.000ns)
  Data Path Delay:        5.049ns  (logic 1.288ns (25.510%)  route 3.761ns (74.490%))
  Logic Levels:           21  (CARRY8=3 LUT2=7 LUT3=1 LUT4=2 LUT6=8)
  Clock Path Skew:        -0.008ns (DCD - SCD + CPR)
    Destination Clock Delay (DCD):    0.020ns = ( 5.020 - 5.000 ) 
    Source Clock Delay      (SCD):    0.028ns
    Clock Pessimism Removal (CPR):    0.000ns
  Clock Uncertainty:      0.535ns  ((TSJ^2 + TIJ^2)^1/2 + DJ) / 2 + PE + UU
    Total System Jitter     (TSJ):    0.071ns
    Total Input Jitter      (TIJ):    0.000ns
    Discrete Jitter          (DJ):    0.000ns
    Phase Error              (PE):    0.000ns
    User Uncertainty         (UU):    0.500ns

    Location             Delay type                Incr(ns)  Path(ns)    Netlist Resource(s)
  -------------------------------------------------------------------    -------------------
                         (clock sys_clk rise edge)    0.000     0.000 r  
                                                      0.000     0.000 r  clk (IN)
                         net (fo=202374, unset)       0.028     0.028    clk
                         FDRE                                         r  stage1_inp_reg[2172]/C
  -------------------------------------------------------------------    -------------------
                         FDRE (Prop_FDRE_C_Q)         0.077     0.105 r  stage1_inp_reg[2172]/Q
                         net (fo=2, unplaced)         0.137     0.242    stage1_inp[2172]
                         LUT2 (Prop_LUT2_I1_O)        0.038     0.280 r  accum0_carry_i_15__914/O
                         net (fo=1, unplaced)         0.185     0.465    accum0_carry_i_15__914_n_0
                         CARRY8 (Prop_CARRY8_S[2]_O[4])
                                                      0.167     0.632 r  accum0_carry_i_9__1325/O[4]
                         net (fo=1, unplaced)         0.183     0.815    stage1/v4878[6]
                         LUT2 (Prop_LUT2_I1_O)        0.038     0.853 r  accum0_carry_i_2__1508/O
                         net (fo=1, unplaced)         0.093     0.946    accum0_carry_i_2__1508_n_0
                         CARRY8 (Prop_CARRY8_S[6]_CO[7])
                                                      0.124     1.070 r  stage1/op_10503/accum0_carry/CO[7]
                         net (fo=1, unplaced)         0.005     1.075    stage1/op_10503/accum0_carry_n_0
                         CARRY8 (Prop_CARRY8_CI_O[1])
                                                      0.076     1.151 f  stage1/op_10503/accum0_carry__0/O[1]
                         net (fo=7, unplaced)         0.208     1.359    stage1/op_10503/accum0_carry__0_n_14
                         LUT2 (Prop_LUT2_I1_O)        0.038     1.397 f  stage10_inp_reg[5082]_srl9_i_2/O
                         net (fo=3, unplaced)         0.191     1.588    stage10_inp_reg[5082]_srl9_i_2_n_0
                         LUT2 (Prop_LUT2_I0_O)        0.038     1.626 f  stage10_inp_reg[5083]_srl9_i_2/O
                         net (fo=3, unplaced)         0.191     1.817    stage10_inp_reg[5083]_srl9_i_2_n_0
                         LUT2 (Prop_LUT2_I0_O)        0.070     1.887 f  stage2_inp[15276]_i_3/O
                         net (fo=4, unplaced)         0.197     2.084    stage2_inp[15276]_i_3_n_0
                         LUT2 (Prop_LUT2_I0_O)        0.038     2.122 f  stage10_inp_reg[5085]_srl9_i_2/O
                         net (fo=4, unplaced)         0.197     2.319    stage10_inp_reg[5085]_srl9_i_2_n_0
                         LUT2 (Prop_LUT2_I0_O)        0.070     2.389 f  stage2_inp[15557]_i_2/O
                         net (fo=12, unplaced)        0.222     2.611    stage2_inp[15557]_i_2_n_0
                         LUT4 (Prop_LUT4_I0_O)        0.070     2.681 r  stage2_inp[15279]_i_2/O
                         net (fo=3, unplaced)         0.191     2.872    stage2_inp[15279]_i_2_n_0
                         LUT6 (Prop_LUT6_I4_O)        0.038     2.910 r  stage2_inp[15556]_i_2/O
                         net (fo=2, unplaced)         0.185     3.095    stage1/v14241_0[1]
                         LUT6 (Prop_LUT6_I3_O)        0.038     3.133 f  stage2_inp[15558]_i_13/O
                         net (fo=1, unplaced)         0.185     3.318    stage2_inp[15558]_i_13_n_0
                         LUT6 (Prop_LUT6_I0_O)        0.038     3.356 r  op_14279/stage2_inp[15558]_i_12/O
                         net (fo=1, unplaced)         0.185     3.541    op_14279/stage2_inp[15558]_i_12_n_0
                         LUT6 (Prop_LUT6_I0_O)        0.038     3.579 r  op_14279/stage2_inp[15558]_i_11/O
                         net (fo=1, unplaced)         0.185     3.764    op_14279/stage2_inp[15558]_i_11_n_0
                         LUT6 (Prop_LUT6_I0_O)        0.038     3.802 r  op_14279/stage2_inp[15558]_i_9/O
                         net (fo=1, unplaced)         0.185     3.987    op_14279/stage2_inp[15558]_i_9_n_0
                         LUT6 (Prop_LUT6_I0_O)        0.038     4.025 r  op_14279/stage2_inp[15558]_i_7/O
                         net (fo=1, unplaced)         0.185     4.210    op_14279/stage2_inp[15558]_i_7_n_0
                         LUT6 (Prop_LUT6_I1_O)        0.038     4.248 f  op_14279/stage2_inp[15558]_i_4/O
                         net (fo=4, unplaced)         0.197     4.445    op_14279/stage2_inp[15558]_i_4_n_0
                         LUT6 (Prop_LUT6_I5_O)        0.038     4.483 r  stage2_inp[15558]_i_1/O
                         net (fo=5, unplaced)         0.203     4.686    stage1_out[15356]
                         LUT4 (Prop_LUT4_I1_O)        0.070     4.756 r  stage2_inp[15562]_i_1/O
                         net (fo=5, unplaced)         0.203     4.959    stage1_out[15562]
                         LUT3 (Prop_LUT3_I1_O)        0.070     5.029 r  stage2_inp[15564]_i_1/O
                         net (fo=1, unplaced)         0.048     5.077    stage1_out[15564]
                         FDRE                                         r  stage2_inp_reg[15564]/D
  -------------------------------------------------------------------    -------------------

                         (clock sys_clk rise edge)    5.000     5.000 r  
                                                      0.000     5.000 r  clk (IN)
                         net (fo=202374, unset)       0.020     5.020    clk
                         FDRE                                         r  stage2_inp_reg[15564]/C
                         clock pessimism              0.000     5.020    
                         clock uncertainty           -0.535     4.485    
                         FDRE (Setup_FDRE_C_D)        0.025     4.510    stage2_inp_reg[15564]
  -------------------------------------------------------------------
                         required time                          4.510    
                         arrival time                          -5.077    
  -------------------------------------------------------------------
                         slack                                 -0.567    





Min Delay Paths
--------------------------------------------------------------------------------------
Slack (VIOLATED) :        -0.461ns  (arrival time - required time)
  Source:                 stage14_inp_reg[28896]_inv/C
                            (rising edge-triggered cell FDRE clocked by sys_clk  {rise@0.000ns fall@2.500ns period=5.000ns})
  Destination:            stage15_inp_reg[5981]/D
                            (rising edge-triggered cell FDRE clocked by sys_clk  {rise@0.000ns fall@2.500ns period=5.000ns})
  Path Group:             sys_clk
  Path Type:              Hold (Min at Fast Process Corner)
  Requirement:            0.000ns  (sys_clk rise@0.000ns - sys_clk rise@0.000ns)
  Data Path Delay:        0.092ns  (logic 0.085ns (92.391%)  route 0.007ns (7.609%))
  Logic Levels:           1  (CARRY8=1)
  Clock Path Skew:        0.007ns (DCD - SCD - CPR)
    Destination Clock Delay (DCD):    0.019ns
    Source Clock Delay      (SCD):    0.012ns
    Clock Pessimism Removal (CPR):    -0.000ns
  Clock Uncertainty:      0.500ns  ((TSJ^2 + TIJ^2)^1/2 + DJ) / 2 + PE + UU
    Total System Jitter     (TSJ):    0.000ns
    Total Input Jitter      (TIJ):    0.000ns
    Discrete Jitter          (DJ):    0.000ns
    Phase Error              (PE):    0.000ns
    User Uncertainty         (UU):    0.500ns

    Location             Delay type                Incr(ns)  Path(ns)    Netlist Resource(s)
  -------------------------------------------------------------------    -------------------
                         (clock sys_clk rise edge)    0.000     0.000 r  
                                                      0.000     0.000 r  clk (IN)
                         net (fo=202374, unset)       0.012     0.012    clk
                         FDRE                                         r  stage14_inp_reg[28896]_inv/C
  -------------------------------------------------------------------    -------------------
                         FDRE (Prop_FDRE_C_Q)         0.038     0.050 r  stage14_inp_reg[28896]_inv/Q
                         net (fo=1, unplaced)         0.000     0.050    stage14/op_7770/p_0_out[0]
                         CARRY8 (Prop_CARRY8_CI_O[0])
                                                      0.047     0.097 r  accum0_carry_i_2__4553/O[0]
                         net (fo=1, unplaced)         0.007     0.104    stage14_out[5981]
                         FDRE                                         r  stage15_inp_reg[5981]/D
  -------------------------------------------------------------------    -------------------

                         (clock sys_clk rise edge)    0.000     0.000 r  
                                                      0.000     0.000 r  clk (IN)
                         net (fo=202374, unset)       0.019     0.019    clk
                         FDRE                                         r  stage15_inp_reg[5981]/C
                         clock pessimism              0.000     0.019    
                         clock uncertainty            0.500     0.519    
                         FDRE (Hold_FDRE_C_D)         0.046     0.565    stage15_inp_reg[5981]
  -------------------------------------------------------------------
                         required time                         -0.565    
                         arrival time                           0.104    
  -------------------------------------------------------------------
                         slack                                 -0.461    





Pulse Width Checks
--------------------------------------------------------------------------------------
Clock Name:         sys_clk
Waveform(ns):       { 0.000 2.500 }
Period(ns):         5.000
Sources:            { clk }

Check Type        Corner  Lib Pin     Reference Pin  Required(ns)  Actual(ns)  Slack(ns)  Location  Pin
Min Period        n/a     SRL16E/CLK  n/a            1.064         5.000       3.936                stage10_inp_reg[0]_srl9/CLK
Low Pulse Width   Slow    SRL16E/CLK  n/a            0.532         2.500       1.968                stage10_inp_reg[0]_srl9/CLK
High Pulse Width  Slow    SRL16E/CLK  n/a            0.532         2.500       1.968                stage10_inp_reg[0]_srl9/CLK



