Copyright 1986-2022 Xilinx, Inc. All Rights Reserved. Copyright 2022-2026 Advanced Micro Devices, Inc. All Rights Reserved.
----------------------------------------------------------------------------------------------------------------------------------------------------------------------------------
| Tool Version      : Vivado v.2025.2.1 (lin64) Build 6403652 Thu Mar 19 13:47:00 MDT 2026
| Date              : Sat Sep  5 00:18:47 2026
| Host              : ccgpu4 running 64-bit Ubuntu 20.04.5 LTS
| Command           : report_timing_summary -file /mnt/ccnas2/bdp/as8625/hgq-jetformer/experiment/C1_CROP64_SEED42/models/alkaid/output_model/reports/model_post_route_timing.rpt
| Design            : model
| Device            : xcvu13p-flga2577
| Speed File        : -2  PRODUCTION 1.28 03-30-2022
| Design State      : Routed
| Temperature Grade : E
----------------------------------------------------------------------------------------------------------------------------------------------------------------------------------

Timing Summary Report

------------------------------------------------------------------------------------------------
| Timer Settings
| --------------
------------------------------------------------------------------------------------------------

  Enable Multi Corner Analysis               :  Yes
  Enable Pessimism Removal                   :  Yes
  Pessimism Removal Resolution               :  Nearest Common Node
  Enable Input Delay Default Clock           :  No
  Enable Preset / Clear Arcs                 :  No
  Disable Flight Delays                      :  No
  Ignore I/O Paths                           :  No
  Timing Early Launch at Borrowing Latches   :  No
  Borrow Time for Max Delay Exceptions       :  Yes
  Merge Timing Exceptions                    :  Yes
  Inter-SLR Compensation                     :  Conservative

  Corner  Analyze    Analyze    
  Name    Max Paths  Min Paths  
  ------  ---------  ---------  
  Slow    Yes        Yes        
  Fast    Yes        Yes        


------------------------------------------------------------------------------------------------
| Report Methodology
| ------------------
------------------------------------------------------------------------------------------------

No report available as report_methodology has not been run prior. Run report_methodology on the current design for the summary of methodology violations.



check_timing report

Table of Contents
-----------------
1. checking no_clock (0)
2. checking constant_clock (0)
3. checking pulse_width_clock (0)
4. checking unconstrained_internal_endpoints (0)
5. checking no_input_delay (0)
6. checking no_output_delay (0)
7. checking multiple_clock (0)
8. checking generated_clocks (0)
9. checking loops (0)
10. checking partial_input_delay (0)
11. checking partial_output_delay (0)
12. checking latch_loops (0)

1. checking no_clock (0)
------------------------
 There are 0 register/latch pins with no clock.


2. checking constant_clock (0)
------------------------------
 There are 0 register/latch pins with constant_clock.


3. checking pulse_width_clock (0)
---------------------------------
 There are 0 register/latch pins which need pulse_width check


4. checking unconstrained_internal_endpoints (0)
------------------------------------------------
 There are 0 pins that are not constrained for maximum delay.

 There are 0 pins that are not constrained for maximum delay due to constant clock.


5. checking no_input_delay (0)
------------------------------
 There are 0 input ports with no input delay specified.

 There are 0 input ports with no input delay but user has a false path constraint.


6. checking no_output_delay (0)
-------------------------------
 There are 0 ports with no output delay specified.

 There are 0 ports with no output delay but user has a false path constraint

 There are 0 ports with no output delay but with a timing clock defined on it or propagating through it


7. checking multiple_clock (0)
------------------------------
 There are 0 register/latch pins with multiple clocks.


8. checking generated_clocks (0)
--------------------------------
 There are 0 generated clocks that are not connected to a clock source.


9. checking loops (0)
---------------------
 There are 0 combinational loops in the design.


10. checking partial_input_delay (0)
------------------------------------
 There are 0 input ports with partial input delay specified.


11. checking partial_output_delay (0)
-------------------------------------
 There are 0 ports with partial output delay specified.


12. checking latch_loops (0)
----------------------------
 There are 0 combinational latch loops in the design through latch input



------------------------------------------------------------------------------------------------
| Design Timing Summary
| ---------------------
------------------------------------------------------------------------------------------------

    WNS(ns)      TNS(ns)  TNS Failing Endpoints  TNS Total Endpoints      WHS(ns)      THS(ns)  THS Failing Endpoints  THS Total Endpoints     WPWS(ns)     TPWS(ns)  TPWS Failing Endpoints  TPWS Total Endpoints  
    -------      -------  ---------------------  -------------------      -------      -------  ---------------------  -------------------     --------     --------  ----------------------  --------------------  
     -1.951   -11101.136                  26558               203352       -0.460    -8040.012                  45427               203352        1.968        0.000                       0                202752  


Timing constraints are not met.


------------------------------------------------------------------------------------------------
| Clock Summary
| -------------
------------------------------------------------------------------------------------------------

Clock    Waveform(ns)         Period(ns)      Frequency(MHz)
-----    ------------         ----------      --------------
sys_clk  {0.000 2.500}        5.000           200.000         


------------------------------------------------------------------------------------------------
| Intra Clock Table
| -----------------
------------------------------------------------------------------------------------------------

Clock             WNS(ns)      TNS(ns)  TNS Failing Endpoints  TNS Total Endpoints      WHS(ns)      THS(ns)  THS Failing Endpoints  THS Total Endpoints     WPWS(ns)     TPWS(ns)  TPWS Failing Endpoints  TPWS Total Endpoints  
-----             -------      -------  ---------------------  -------------------      -------      -------  ---------------------  -------------------     --------     --------  ----------------------  --------------------  
sys_clk            -1.951   -11101.136                  26558               203352       -0.460    -8040.012                  45427               203352        1.968        0.000                       0                202752  


------------------------------------------------------------------------------------------------
| Inter Clock Table
| -----------------
------------------------------------------------------------------------------------------------

From Clock    To Clock          WNS(ns)      TNS(ns)  TNS Failing Endpoints  TNS Total Endpoints      WHS(ns)      THS(ns)  THS Failing Endpoints  THS Total Endpoints  
----------    --------          -------      -------  ---------------------  -------------------      -------      -------  ---------------------  -------------------  


------------------------------------------------------------------------------------------------
| Other Path Groups Table
| -----------------------
------------------------------------------------------------------------------------------------

Path Group    From Clock    To Clock          WNS(ns)      TNS(ns)  TNS Failing Endpoints  TNS Total Endpoints      WHS(ns)      THS(ns)  THS Failing Endpoints  THS Total Endpoints  
----------    ----------    --------          -------      -------  ---------------------  -------------------      -------      -------  ---------------------  -------------------  


------------------------------------------------------------------------------------------------
| Timing Details
| --------------
------------------------------------------------------------------------------------------------


---------------------------------------------------------------------------------------------------
From Clock:  sys_clk
  To Clock:  sys_clk

Setup :        26558  Failing Endpoints,  Worst Slack       -1.951ns,  Total Violation   -11101.136ns
Hold  :        45427  Failing Endpoints,  Worst Slack       -0.460ns,  Total Violation    -8040.012ns
PW    :            0  Failing Endpoints,  Worst Slack        1.968ns,  Total Violation        0.000ns
---------------------------------------------------------------------------------------------------


Max Delay Paths
--------------------------------------------------------------------------------------
Slack (VIOLATED) :        -1.951ns  (required time - arrival time)
  Source:                 stage13_inp_reg[14891]/C
                            (rising edge-triggered cell FDRE clocked by sys_clk  {rise@0.000ns fall@2.500ns period=5.000ns})
  Destination:            stage14_inp_reg[24258]/D
                            (rising edge-triggered cell FDRE clocked by sys_clk  {rise@0.000ns fall@2.500ns period=5.000ns})
  Path Group:             sys_clk
  Path Type:              Setup (Max at Slow Process Corner)
  Requirement:            5.000ns  (sys_clk rise@5.000ns - sys_clk rise@0.000ns)
  Data Path Delay:        6.432ns  (logic 1.501ns (23.338%)  route 4.931ns (76.662%))
  Logic Levels:           14  (CARRY8=1 LUT2=2 LUT3=3 LUT4=1 LUT5=3 LUT6=4)
  Clock Path Skew:        -0.009ns (DCD - SCD + CPR)
    Destination Clock Delay (DCD):    0.021ns = ( 5.021 - 5.000 ) 
    Source Clock Delay      (SCD):    0.030ns
    Clock Pessimism Removal (CPR):    0.000ns
  Clock Uncertainty:      0.535ns  ((TSJ^2 + TIJ^2)^1/2 + DJ) / 2 + PE + UU
    Total System Jitter     (TSJ):    0.071ns
    Total Input Jitter      (TIJ):    0.000ns
    Discrete Jitter          (DJ):    0.000ns
    Phase Error              (PE):    0.000ns
    User Uncertainty         (UU):    0.500ns

    Location             Delay type                Incr(ns)  Path(ns)    Netlist Resource(s)
  -------------------------------------------------------------------    -------------------
                         (clock sys_clk rise edge)    0.000     0.000 r  
                                                      0.000     0.000 r  clk (IN)
                         net (fo=202791, unset)       0.030     0.030    clk
    SLICE_X104Y230       FDRE                                         r  stage13_inp_reg[14891]/C
  -------------------------------------------------------------------    -------------------
    SLICE_X104Y230       FDRE (Prop_CFF2_SLICEM_C_Q)
                                                      0.077     0.107 r  stage13_inp_reg[14891]/Q
                         net (fo=1, routed)           0.351     0.458    stage13_inp__0__2[14891]
    SLICE_X107Y224       LUT2 (Prop_A6LUT_SLICEM_I1_O)
                                                      0.038     0.496 r  accum0_carry_i_8__6125/O
                         net (fo=1, routed)           0.013     0.509    accum0_carry_i_8__6125_n_0
    SLICE_X107Y224       CARRY8 (Prop_CARRY8_SLICEM_S[0]_O[1])
                                                      0.096     0.605 r  stage13/op_4133/accum0_carry/O[1]
                         net (fo=4, routed)           0.343     0.948    stage13/op_4133/accum0_carry_n_14
    SLICE_X107Y221       LUT6 (Prop_F6LUT_SLICEM_I1_O)
                                                      0.098     1.046 f  accum_carry_i_38__96/O
                         net (fo=3, routed)           0.330     1.376    accum_carry_i_38__96_n_0
    SLICE_X107Y221       LUT3 (Prop_B6LUT_SLICEM_I2_O)
                                                      0.100     1.476 f  accum_carry_i_40__70/O
                         net (fo=4, routed)           0.360     1.836    accum_carry_i_40__70_n_0
    SLICE_X106Y221       LUT5 (Prop_E6LUT_SLICEM_I1_O)
                                                      0.100     1.936 r  accum_carry_i_42__66/O
                         net (fo=3, routed)           0.059     1.995    accum_carry_i_42__66_n_0
    SLICE_X106Y221       LUT5 (Prop_F6LUT_SLICEM_I0_O)
                                                      0.148     2.143 r  accum_carry_i_25__417/O
                         net (fo=4, routed)           0.483     2.626    accum_carry_i_25__417_n_0
    SLICE_X106Y221       LUT5 (Prop_H6LUT_SLICEM_I4_O)
                                                      0.125     2.751 f  accum_carry_i_26__387/O
                         net (fo=4, routed)           0.499     3.251    accum_carry_i_26__387_n_0
    SLICE_X107Y223       LUT6 (Prop_H6LUT_SLICEM_I4_O)
                                                      0.039     3.290 r  accum_carry_i_21__545/O
                         net (fo=6, routed)           0.627     3.917    accum_carry_i_21__545_n_0
    SLICE_X105Y217       LUT2 (Prop_A6LUT_SLICEL_I0_O)
                                                      0.149     4.066 r  stage14_inp[24605]_i_1/O
                         net (fo=12, routed)          0.265     4.330    stage14_inp[24605]_i_1_n_0
    SLICE_X106Y220       LUT6 (Prop_E6LUT_SLICEM_I4_O)
                                                      0.052     4.382 f  stage13/op_12774/i_/stage14_inp[24253]_i_2/O
                         net (fo=2, routed)           0.212     4.594    stage13/op_12774/i_/stage14_inp[24253]_i_2_n_0
    SLICE_X108Y220       LUT3 (Prop_H5LUT_SLICEL_I0_O)
                                                      0.133     4.727 r  stage13/op_12774/i_/stage14_inp[24255]_i_2/O
                         net (fo=5, routed)           0.321     5.048    stage13/op_12774/i_/stage14_inp[24255]_i_2_n_0
    SLICE_X108Y220       LUT6 (Prop_B6LUT_SLICEL_I0_O)
                                                      0.124     5.172 r  stage14_inp[24257]_i_2/O
                         net (fo=3, routed)           0.323     5.495    stage14_inp[24257]_i_2_n_0
    SLICE_X107Y217       LUT4 (Prop_G5LUT_SLICEM_I2_O)
                                                      0.112     5.607 r  stage13/op_15788/stage14_inp[24262]_i_2/O
                         net (fo=5, routed)           0.318     5.926    stage13/op_15788/stage14_inp[24262]_i_2_n_0
    SLICE_X104Y217       LUT3 (Prop_D5LUT_SLICEM_I0_O)
                                                      0.110     6.036 r  stage13/op_15788/stage14_inp[24258]_i_1/O
                         net (fo=1, routed)           0.426     6.462    stage13_out__0__2[24258]
    SLICE_X104Y217       FDRE                                         r  stage14_inp_reg[24258]/D
  -------------------------------------------------------------------    -------------------

                         (clock sys_clk rise edge)    5.000     5.000 r  
                                                      0.000     5.000 r  clk (IN)
                         net (fo=202791, unset)       0.021     5.021    clk
    SLICE_X104Y217       FDRE                                         r  stage14_inp_reg[24258]/C
                         clock pessimism              0.000     5.021    
                         clock uncertainty           -0.535     4.486    
    SLICE_X104Y217       FDRE (Setup_EFF2_SLICEM_C_D)
                                                      0.025     4.511    stage14_inp_reg[24258]
  -------------------------------------------------------------------
                         required time                          4.511    
                         arrival time                          -6.462    
  -------------------------------------------------------------------
                         slack                                 -1.951    





Min Delay Paths
--------------------------------------------------------------------------------------
Slack (VIOLATED) :        -0.460ns  (arrival time - required time)
  Source:                 stage11_inp_reg[732]__0/C
                            (rising edge-triggered cell FDRE clocked by sys_clk  {rise@0.000ns fall@2.500ns period=5.000ns})
  Destination:            stage12_inp_reg[15298]/D
                            (rising edge-triggered cell FDRE clocked by sys_clk  {rise@0.000ns fall@2.500ns period=5.000ns})
  Path Group:             sys_clk
  Path Type:              Hold (Min at Fast Process Corner)
  Requirement:            0.000ns  (sys_clk rise@0.000ns - sys_clk rise@0.000ns)
  Data Path Delay:        0.092ns  (logic 0.059ns (64.172%)  route 0.033ns (35.828%))
  Logic Levels:           1  (LUT5=1)
  Clock Path Skew:        0.005ns (DCD - SCD - CPR)
    Destination Clock Delay (DCD):    0.018ns
    Source Clock Delay      (SCD):    0.013ns
    Clock Pessimism Removal (CPR):    -0.000ns
  Clock Uncertainty:      0.500ns  ((TSJ^2 + TIJ^2)^1/2 + DJ) / 2 + PE + UU
    Total System Jitter     (TSJ):    0.000ns
    Total Input Jitter      (TIJ):    0.000ns
    Discrete Jitter          (DJ):    0.000ns
    Phase Error              (PE):    0.000ns
    User Uncertainty         (UU):    0.500ns

    Location             Delay type                Incr(ns)  Path(ns)    Netlist Resource(s)
  -------------------------------------------------------------------    -------------------
                         (clock sys_clk rise edge)    0.000     0.000 r  
                                                      0.000     0.000 r  clk (IN)
                         net (fo=202791, unset)       0.013     0.013    clk
    SLICE_X123Y332       FDRE                                         r  stage11_inp_reg[732]__0/C
  -------------------------------------------------------------------    -------------------
    SLICE_X123Y332       FDRE (Prop_GFF_SLICEL_C_Q)
                                                      0.039     0.052 r  stage11_inp_reg[732]__0/Q
                         net (fo=6, routed)           0.027     0.079    stage11_inp[732]
    SLICE_X123Y332       LUT5 (Prop_D5LUT_SLICEL_I1_O)
                                                      0.020     0.099 r  stage12_inp[15298]_i_1/O
                         net (fo=1, routed)           0.006     0.105    stage11_out[15298]
    SLICE_X123Y332       FDRE                                         r  stage12_inp_reg[15298]/D
  -------------------------------------------------------------------    -------------------

                         (clock sys_clk rise edge)    0.000     0.000 r  
                                                      0.000     0.000 r  clk (IN)
                         net (fo=202791, unset)       0.018     0.018    clk
    SLICE_X123Y332       FDRE                                         r  stage12_inp_reg[15298]/C
                         clock pessimism              0.000     0.018    
                         clock uncertainty            0.500     0.518    
    SLICE_X123Y332       FDRE (Hold_DFF2_SLICEL_C_D)
                                                      0.047     0.565    stage12_inp_reg[15298]
  -------------------------------------------------------------------
                         required time                         -0.565    
                         arrival time                           0.105    
  -------------------------------------------------------------------
                         slack                                 -0.460    





Pulse Width Checks
--------------------------------------------------------------------------------------
Clock Name:         sys_clk
Waveform(ns):       { 0.000 2.500 }
Period(ns):         5.000
Sources:            { clk }

Check Type        Corner  Lib Pin     Reference Pin  Required(ns)  Actual(ns)  Slack(ns)  Location        Pin
Min Period        n/a     SRL16E/CLK  n/a            1.064         5.000       3.936      SLICE_X146Y287  stage10_inp_reg[0]_srl9/CLK
Low Pulse Width   Slow    SRL16E/CLK  n/a            0.532         2.500       1.968      SLICE_X146Y287  stage10_inp_reg[0]_srl9/CLK
High Pulse Width  Slow    SRL16E/CLK  n/a            0.532         2.500       1.968      SLICE_X146Y287  stage10_inp_reg[0]_srl9/CLK



