Copyright 1986-2022 Xilinx, Inc. All Rights Reserved. Copyright 2022-2026 Advanced Micro Devices, Inc. All Rights Reserved.
-------------------------------------------------------------------------------------------------------------------------------------------------------------------------
| Tool Version : Vivado v.2025.2.1 (lin64) Build 6403652 Thu Mar 19 13:47:00 MDT 2026
| Date         : Wed Aug 19 16:16:07 2026
| Host         : ccgpu5 running 64-bit Ubuntu 20.04.6 LTS
| Command      : report_utilization -file /mnt/ccnas2/bdp/as8625/hgq-jetformer/experiment/E4_EMBED16_SEED42/models/alkaid/output_model/reports/model_post_route_util.rpt
| Design       : model
| Device       : xcvu13p-flga2577-2-e
| Speed File   : -2
| Design State : Routed
-------------------------------------------------------------------------------------------------------------------------------------------------------------------------

Utilization Design Information

Table of Contents
-----------------
1. CLB Logic
1.1 Summary of Registers by Type
2. CLB Logic Distribution
3. BLOCKRAM
4. ARITHMETIC
5. I/O
6. CLOCK
7. ADVANCED
8. CONFIGURATION
9. Primitives
10. Black Boxes
11. Instantiated Netlists
12. SLR Connectivity
13. SLR Connectivity Matrix
14. SLR CLB Logic and Dedicated Block Utilization
15. SLR IO Utilization

1. CLB Logic
------------

+----------------------------+--------+-------+------------+-----------+-------+
|          Site Type         |  Used  | Fixed | Prohibited | Available | Util% |
+----------------------------+--------+-------+------------+-----------+-------+
| CLB LUTs                   | 540050 |     0 |          0 |   1728000 | 31.25 |
|   LUT as Logic             | 528315 |     0 |          0 |   1728000 | 30.57 |
|   LUT as Memory            |  11735 |     0 |          0 |    791040 |  1.48 |
|     LUT as Distributed RAM |      0 |     0 |            |           |       |
|     LUT as Shift Register  |  11735 |     0 |            |           |       |
| CLB Registers              | 232585 |     0 |          0 |   3456000 |  6.73 |
|   Register as Flip Flop    | 232585 |     0 |          0 |   3456000 |  6.73 |
|   Register as Latch        |      0 |     0 |          0 |   3456000 |  0.00 |
| CARRY8                     |  24961 |     0 |          0 |    216000 | 11.56 |
| F7 Muxes                   |   1049 |     0 |          0 |    864000 |  0.12 |
| F8 Muxes                   |     92 |     0 |          0 |    432000 |  0.02 |
| F9 Muxes                   |      0 |     0 |          0 |    216000 |  0.00 |
| Unique Control Sets        |     24 |       |          0 |    432000 | <0.01 |
+----------------------------+--------+-------+------------+-----------+-------+
* Warning! LUT value is adjusted to account for LUT combining.
** Note: Available Control Sets calculated as Slices * 2, Review the Control Sets Report for more information regarding control sets.


1.1 Summary of Registers by Type
--------------------------------

+--------+--------------+-------------+--------------+
|  Total | Clock Enable | Synchronous | Asynchronous |
+--------+--------------+-------------+--------------+
| 0      |            _ |           - |            - |
| 0      |            _ |           - |          Set |
| 0      |            _ |           - |        Reset |
| 0      |            _ |         Set |            - |
| 0      |            _ |       Reset |            - |
| 0      |          Yes |           - |            - |
| 0      |          Yes |           - |          Set |
| 0      |          Yes |           - |        Reset |
| 87     |          Yes |         Set |            - |
| 232498 |          Yes |       Reset |            - |
+--------+--------------+-------------+--------------+


2. CLB Logic Distribution
-------------------------

+--------------------------------------------+--------+-------+------------+-----------+-------+
|                  Site Type                 |  Used  | Fixed | Prohibited | Available | Util% |
+--------------------------------------------+--------+-------+------------+-----------+-------+
| CLB                                        |  88421 |     0 |          0 |    216000 | 40.94 |
|   CLBL                                     |  47986 |     0 |            |           |       |
|   CLBM                                     |  40435 |     0 |            |           |       |
| LUT as Logic                               | 528315 |     0 |          0 |   1728000 | 30.57 |
|   using O5 output only                     |   1408 |       |            |           |       |
|   using O6 output only                     | 361821 |       |            |           |       |
|   using O5 and O6                          | 165086 |       |            |           |       |
| LUT as Memory                              |  11735 |     0 |          0 |    791040 |  1.48 |
|   LUT as Distributed RAM                   |      0 |     0 |            |           |       |
|     using O5 output only                   |      0 |       |            |           |       |
|     using O6 output only                   |      0 |       |            |           |       |
|     using O5 and O6                        |      0 |       |            |           |       |
|   LUT as Shift Register                    |  11735 |     0 |            |           |       |
|     using O5 output only                   |     10 |       |            |           |       |
|     using O6 output only                   |   3926 |       |            |           |       |
|     using O5 and O6                        |   7799 |       |            |           |       |
| CLB Registers                              | 232585 |     0 |          0 |   3456000 |  6.73 |
|   Register driven from within the CLB      | 154272 |       |            |           |       |
|   Register driven from outside the CLB     |  78313 |       |            |           |       |
|     LUT in front of the register is unused |  42299 |       |            |           |       |
|     LUT in front of the register is used   |  36014 |       |            |           |       |
+--------------------------------------------+--------+-------+------------+-----------+-------+


3. BLOCKRAM
-----------

+----------------+------+-------+------------+-----------+-------+
|    Site Type   | Used | Fixed | Prohibited | Available | Util% |
+----------------+------+-------+------------+-----------+-------+
| Block RAM Tile |    0 |     0 |          0 |      2688 |  0.00 |
|   RAMB36/FIFO* |    0 |     0 |          0 |      2688 |  0.00 |
|   RAMB18       |    0 |     0 |          0 |      5376 |  0.00 |
| URAM           |    0 |     0 |          0 |      1280 |  0.00 |
+----------------+------+-------+------------+-----------+-------+
* Note: Each Block RAM Tile only has one FIFO logic available and therefore can accommodate only one FIFO36E2 or one FIFO18E2. However, if a FIFO18E2 occupies a Block RAM Tile, that tile can still accommodate a RAMB18E2


4. ARITHMETIC
-------------

+----------------+------+-------+------------+-----------+-------+
|    Site Type   | Used | Fixed | Prohibited | Available | Util% |
+----------------+------+-------+------------+-----------+-------+
| DSPs           |    3 |     0 |          0 |     12288 |  0.02 |
|   DSP48E2 only |    3 |       |            |           |       |
+----------------+------+-------+------------+-----------+-------+


5. I/O
------

+------------------+------+-------+------------+-----------+-------+
|     Site Type    | Used | Fixed | Prohibited | Available | Util% |
+------------------+------+-------+------------+-----------+-------+
| Bonded IOB       |    0 |     0 |          0 |       448 |  0.00 |
|   HPIOB_M        |    0 |     0 |          0 |       206 |  0.00 |
|   HPIOB_S        |    0 |     0 |          0 |       206 |  0.00 |
|   HPIOB_SNGL     |    0 |     0 |          0 |        36 |  0.00 |
| HPIOBDIFFINBUF   |    0 |     0 |          0 |       384 |  0.00 |
| HPIOBDIFFOUTBUF  |    0 |     0 |          0 |       384 |  0.00 |
| BITSLICE_CONTROL |    0 |     0 |          0 |       128 |  0.00 |
| BITSLICE_RX_TX   |    0 |     0 |          0 |      4992 |  0.00 |
| BITSLICE_TX      |    0 |     0 |          0 |       128 |  0.00 |
| RIU_OR           |    0 |     0 |          0 |        64 |  0.00 |
+------------------+------+-------+------------+-----------+-------+


6. CLOCK
--------

+------------+------+-------+------------+-----------+-------+
|  Site Type | Used | Fixed | Prohibited | Available | Util% |
+------------+------+-------+------------+-----------+-------+
| BUFGCE     |    0 |     0 |          0 |       384 |  0.00 |
| BUFGCE_DIV |    0 |     0 |          0 |        64 |  0.00 |
| BUFG_GT    |    0 |     0 |          0 |       768 |  0.00 |
| BUFGCTRL*  |    0 |     0 |          0 |       128 |  0.00 |
| PLL        |    0 |     0 |          0 |        32 |  0.00 |
| MMCM       |    0 |     0 |          0 |        16 |  0.00 |
+------------+------+-------+------------+-----------+-------+
* Note: Each used BUFGCTRL counts as two GLOBAL CLOCK BUFFERs. This table does not include global clocking resources, only buffer cell usage. See the Clock Utilization Report (report_clock_utilization) for detailed accounting of global clocking resource availability.


7. ADVANCED
-----------

+-----------------+------+-------+------------+-----------+-------+
|    Site Type    | Used | Fixed | Prohibited | Available | Util% |
+-----------------+------+-------+------------+-----------+-------+
| CMACE4          |    0 |     0 |          0 |        12 |  0.00 |
| GTYE4_CHANNEL   |    0 |     0 |          0 |       128 |  0.00 |
| GTYE4_COMMON    |    0 |     0 |          0 |        32 |  0.00 |
| ILKNE4          |    0 |     0 |          0 |         8 |  0.00 |
| OBUFDS_GTE4     |    0 |     0 |          0 |        64 |  0.00 |
| OBUFDS_GTE4_ADV |    0 |     0 |          0 |        64 |  0.00 |
| PCIE40E4        |    0 |     0 |          0 |         4 |  0.00 |
| SYSMONE4        |    0 |     0 |          0 |         4 |  0.00 |
+-----------------+------+-------+------------+-----------+-------+


8. CONFIGURATION
----------------

+-------------+------+-------+------------+-----------+-------+
|  Site Type  | Used | Fixed | Prohibited | Available | Util% |
+-------------+------+-------+------------+-----------+-------+
| BSCANE2     |    0 |     0 |          0 |        16 |  0.00 |
| DNA_PORTE2  |    0 |     0 |          0 |         4 |  0.00 |
| EFUSE_USR   |    0 |     0 |          0 |         4 |  0.00 |
| FRAME_ECCE4 |    0 |     0 |          0 |         4 |  0.00 |
| ICAPE3      |    0 |     0 |          0 |         8 |  0.00 |
| MASTER_JTAG |    0 |     0 |          0 |         4 |  0.00 |
| STARTUPE3   |    0 |     0 |          0 |         4 |  0.00 |
+-------------+------+-------+------------+-----------+-------+


9. Primitives
-------------

+----------+--------+---------------------+
| Ref Name |  Used  | Functional Category |
+----------+--------+---------------------+
| FDRE     | 232828 |            Register |
| LUT6     | 183469 |                 CLB |
| LUT5     | 155356 |                 CLB |
| LUT2     | 136994 |                 CLB |
| LUT4     | 110453 |                 CLB |
| LUT3     | 100669 |                 CLB |
| CARRY8   |  24961 |                 CLB |
| SRL16E   |  19534 |                 CLB |
| LUT1     |   6460 |                 CLB |
| MUXF7    |   1049 |                 CLB |
| MUXF8    |     92 |                 CLB |
| FDSE     |     87 |            Register |
| DSP48E2  |      3 |          Arithmetic |
+----------+--------+---------------------+


10. Black Boxes
---------------

+----------+------+
| Ref Name | Used |
+----------+------+


11. Instantiated Netlists
-------------------------

+----------+------+
| Ref Name | Used |
+----------+------+


12. SLR Connectivity
--------------------

+----------------------------------+-------+-------+-----------+-------+
|                                  |  Used | Fixed | Available | Util% |
+----------------------------------+-------+-------+-----------+-------+
| SLR3 <-> SLR2                    |     0 |       |     23040 |  0.00 |
|   SLR2 -> SLR3                   |     0 |       |           |  0.00 |
|     Using TX_REG only            |     0 |     0 |           |       |
|     Using RX_REG only            |     0 |     0 |           |       |
|     Using Both TX_REG and RX_REG |     0 |     0 |           |       |
|   SLR3 -> SLR2                   |     0 |       |           |  0.00 |
|     Using TX_REG only            |     0 |     0 |           |       |
|     Using RX_REG only            |     0 |     0 |           |       |
|     Using Both TX_REG and RX_REG |     0 |     0 |           |       |
| SLR2 <-> SLR1                    |     0 |       |     23040 |  0.00 |
|   SLR1 -> SLR2                   |     0 |       |           |  0.00 |
|     Using TX_REG only            |     0 |     0 |           |       |
|     Using RX_REG only            |     0 |     0 |           |       |
|     Using Both TX_REG and RX_REG |     0 |     0 |           |       |
|   SLR2 -> SLR1                   |     0 |       |           |  0.00 |
|     Using TX_REG only            |     0 |     0 |           |       |
|     Using RX_REG only            |     0 |     0 |           |       |
|     Using Both TX_REG and RX_REG |     0 |     0 |           |       |
| SLR1 <-> SLR0                    | 10157 |       |     23040 | 44.08 |
|   SLR0 -> SLR1                   |  5801 |       |           | 25.18 |
|     Using TX_REG only            |   103 |     0 |           |       |
|     Using RX_REG only            |    26 |     0 |           |       |
|     Using Both TX_REG and RX_REG |     2 |     0 |           |       |
|   SLR1 -> SLR0                   |  4356 |       |           | 18.91 |
|     Using TX_REG only            |   195 |     0 |           |       |
|     Using RX_REG only            |     7 |     0 |           |       |
|     Using Both TX_REG and RX_REG |     0 |     0 |           |       |
+----------------------------------+-------+-------+-----------+-------+
| Total SLLs Used                  | 10157 |       |           |       |
+----------------------------------+-------+-------+-----------+-------+


13. SLR Connectivity Matrix
---------------------------

+-----------+------+------+------+------+
| FROM \ TO | SLR3 | SLR2 | SLR1 | SLR0 |
+-----------+------+------+------+------+
| SLR3      |    0 |    0 |    0 |    0 |
| SLR2      |    0 |    0 |    0 |    0 |
| SLR1      |    0 |    0 |    0 | 4356 |
| SLR0      |    0 |    0 | 5801 |    0 |
+-----------+------+------+------+------+


14. SLR CLB Logic and Dedicated Block Utilization
-------------------------------------------------

+----------------------------+--------+--------+------+------+--------+--------+--------+--------+
|          Site Type         |  SLR0  |  SLR1  | SLR2 | SLR3 | SLR0 % | SLR1 % | SLR2 % | SLR3 % |
+----------------------------+--------+--------+------+------+--------+--------+--------+--------+
| CLB                        |  51320 |  37101 |    0 |    0 |  95.04 |  68.71 |   0.00 |   0.00 |
|   CLBL                     |  27831 |  20155 |    0 |    0 |  95.05 |  68.84 |   0.00 |   0.00 |
|   CLBM                     |  23489 |  16946 |    0 |    0 |  95.02 |  68.55 |   0.00 |   0.00 |
| CLB LUTs                   | 348387 | 191663 |    0 |    0 |  80.65 |  44.37 |   0.00 |   0.00 |
|   LUT as Logic             | 339910 | 188405 |    0 |    0 |  78.68 |  43.61 |   0.00 |   0.00 |
|     using O5 output only   |   1014 |    394 |    0 |    0 |   0.23 |   0.09 |   0.00 |   0.00 |
|     using O6 output only   | 234634 | 127187 |    0 |    0 |  54.31 |  29.44 |   0.00 |   0.00 |
|     using O5 and O6        | 104262 |  60824 |    0 |    0 |  24.13 |  14.08 |   0.00 |   0.00 |
|   LUT as Memory            |   8477 |   3258 |    0 |    0 |   4.29 |   1.65 |   0.00 |   0.00 |
|     LUT as Distributed RAM |      0 |      0 |    0 |    0 |   0.00 |   0.00 |   0.00 |   0.00 |
|     LUT as Shift Register  |   8477 |   3258 |    0 |    0 |   4.29 |   1.65 |   0.00 |   0.00 |
|       using O5 output only |      7 |      3 |    0 |    0 |  <0.01 |  <0.01 |   0.00 |   0.00 |
|       using O6 output only |   3176 |    750 |    0 |    0 |   1.61 |   0.38 |   0.00 |   0.00 |
|       using O5 and O6      |   5294 |   2505 |    0 |    0 |   2.68 |   1.27 |   0.00 |   0.00 |
| CLB Registers              | 148825 |  83760 |    0 |    0 |  17.23 |   9.69 |   0.00 |   0.00 |
| CARRY8                     |  17229 |   7732 |    0 |    0 |  31.91 |  14.32 |   0.00 |   0.00 |
| F7 Muxes                   |    587 |    462 |    0 |    0 |   0.27 |   0.21 |   0.00 |   0.00 |
| F8 Muxes                   |     44 |     48 |    0 |    0 |   0.04 |   0.04 |   0.00 |   0.00 |
| F9 Muxes                   |      0 |      0 |    0 |    0 |   0.00 |   0.00 |   0.00 |   0.00 |
| Block RAM Tile             |      0 |      0 |    0 |    0 |   0.00 |   0.00 |   0.00 |   0.00 |
|   RAMB36/FIFO              |      0 |      0 |    0 |    0 |   0.00 |   0.00 |   0.00 |   0.00 |
|   RAMB18                   |      0 |      0 |    0 |    0 |   0.00 |   0.00 |   0.00 |   0.00 |
| URAM                       |      0 |      0 |    0 |    0 |   0.00 |   0.00 |   0.00 |   0.00 |
| DSPs                       |      3 |      0 |    0 |    0 |   0.10 |   0.00 |   0.00 |   0.00 |
| Unique Control Sets        |      5 |     20 |    0 |    0 |  <0.01 |   0.02 |   0.00 |   0.00 |
+----------------------------+--------+--------+------+------+--------+--------+--------+--------+
* Note: Available Control Sets based on CLB Registers / 8


15. SLR IO Utilization
----------------------

+-----------+-----------+---------+------------+----------+------------+----------+-----+
| SLR Index | Used IOBs | (%)IOBs | Used IPADs | (%)IPADs | Used OPADs | (%)OPADs | GTs |
+-----------+-----------+---------+------------+----------+------------+----------+-----+
| SLR3      |         0 |    0.00 |          0 |     0.00 |          0 |     0.00 |   0 |
| SLR2      |         0 |    0.00 |          0 |     0.00 |          0 |     0.00 |   0 |
| SLR1      |         0 |    0.00 |          0 |     0.00 |          0 |     0.00 |   0 |
| SLR0      |         0 |    0.00 |          0 |     0.00 |          0 |     0.00 |   0 |
+-----------+-----------+---------+------------+----------+------------+----------+-----+
| Total     |         0 |         |          0 |          |          0 |          |   0 |
+-----------+-----------+---------+------------+----------+------------+----------+-----+


