Copyright 1986-2022 Xilinx, Inc. All Rights Reserved. Copyright 2022-2026 Advanced Micro Devices, Inc. All Rights Reserved.
-----------------------------------------------------------------------------------------------------------------------------------------------------------------------------------
| Tool Version      : Vivado v.2025.2.1 (lin64) Build 6403652 Thu Mar 19 13:47:00 MDT 2026
| Date              : Wed Aug 19 14:00:18 2026
| Host              : ccgpu5 running 64-bit Ubuntu 20.04.6 LTS
| Command           : report_timing_summary -file /mnt/ccnas2/bdp/as8625/hgq-jetformer/experiment/E4_EMBED16_SEED42/models/alkaid/output_model/reports/model_post_place_timing.rpt
| Design            : model
| Device            : xcvu13p-flga2577
| Speed File        : -2  PRODUCTION 1.28 03-30-2022
| Design State      : Physopt postPlace
| Temperature Grade : E
-----------------------------------------------------------------------------------------------------------------------------------------------------------------------------------

Timing Summary Report

------------------------------------------------------------------------------------------------
| Timer Settings
| --------------
------------------------------------------------------------------------------------------------

  Enable Multi Corner Analysis               :  Yes
  Enable Pessimism Removal                   :  Yes
  Pessimism Removal Resolution               :  Nearest Common Node
  Enable Input Delay Default Clock           :  No
  Enable Preset / Clear Arcs                 :  No
  Disable Flight Delays                      :  No
  Ignore I/O Paths                           :  No
  Timing Early Launch at Borrowing Latches   :  No
  Borrow Time for Max Delay Exceptions       :  Yes
  Merge Timing Exceptions                    :  Yes
  Inter-SLR Compensation                     :  Conservative

  Corner  Analyze    Analyze    
  Name    Max Paths  Min Paths  
  ------  ---------  ---------  
  Slow    Yes        Yes        
  Fast    Yes        Yes        


------------------------------------------------------------------------------------------------
| Report Methodology
| ------------------
------------------------------------------------------------------------------------------------

No report available as report_methodology has not been run prior. Run report_methodology on the current design for the summary of methodology violations.



check_timing report

Table of Contents
-----------------
1. checking no_clock (0)
2. checking constant_clock (0)
3. checking pulse_width_clock (0)
4. checking unconstrained_internal_endpoints (0)
5. checking no_input_delay (0)
6. checking no_output_delay (0)
7. checking multiple_clock (0)
8. checking generated_clocks (0)
9. checking loops (0)
10. checking partial_input_delay (0)
11. checking partial_output_delay (0)
12. checking latch_loops (0)

1. checking no_clock (0)
------------------------
 There are 0 register/latch pins with no clock.


2. checking constant_clock (0)
------------------------------
 There are 0 register/latch pins with constant_clock.


3. checking pulse_width_clock (0)
---------------------------------
 There are 0 register/latch pins which need pulse_width check


4. checking unconstrained_internal_endpoints (0)
------------------------------------------------
 There are 0 pins that are not constrained for maximum delay.

 There are 0 pins that are not constrained for maximum delay due to constant clock.


5. checking no_input_delay (0)
------------------------------
 There are 0 input ports with no input delay specified.

 There are 0 input ports with no input delay but user has a false path constraint.


6. checking no_output_delay (0)
-------------------------------
 There are 0 ports with no output delay specified.

 There are 0 ports with no output delay but user has a false path constraint

 There are 0 ports with no output delay but with a timing clock defined on it or propagating through it


7. checking multiple_clock (0)
------------------------------
 There are 0 register/latch pins with multiple clocks.


8. checking generated_clocks (0)
--------------------------------
 There are 0 generated clocks that are not connected to a clock source.


9. checking loops (0)
---------------------
 There are 0 combinational loops in the design.


10. checking partial_input_delay (0)
------------------------------------
 There are 0 input ports with partial input delay specified.


11. checking partial_output_delay (0)
-------------------------------------
 There are 0 ports with partial output delay specified.


12. checking latch_loops (0)
----------------------------
 There are 0 combinational latch loops in the design through latch input



------------------------------------------------------------------------------------------------
| Design Timing Summary
| ---------------------
------------------------------------------------------------------------------------------------

    WNS(ns)      TNS(ns)  TNS Failing Endpoints  TNS Total Endpoints      WHS(ns)      THS(ns)  THS Failing Endpoints  THS Total Endpoints     WPWS(ns)     TPWS(ns)  TPWS Failing Endpoints  TPWS Total Endpoints  
    -------      -------  ---------------------  -------------------      -------      -------  ---------------------  -------------------     --------     --------  ----------------------  --------------------  
     -0.204     -114.528                   1517               252838       -0.428   -26311.039                 149915               252838        1.968        0.000                       0                252452  


Timing constraints are not met.


------------------------------------------------------------------------------------------------
| Clock Summary
| -------------
------------------------------------------------------------------------------------------------

Clock    Waveform(ns)         Period(ns)      Frequency(MHz)
-----    ------------         ----------      --------------
sys_clk  {0.000 2.500}        5.000           200.000         


------------------------------------------------------------------------------------------------
| Intra Clock Table
| -----------------
------------------------------------------------------------------------------------------------

Clock             WNS(ns)      TNS(ns)  TNS Failing Endpoints  TNS Total Endpoints      WHS(ns)      THS(ns)  THS Failing Endpoints  THS Total Endpoints     WPWS(ns)     TPWS(ns)  TPWS Failing Endpoints  TPWS Total Endpoints  
-----             -------      -------  ---------------------  -------------------      -------      -------  ---------------------  -------------------     --------     --------  ----------------------  --------------------  
sys_clk            -0.204     -114.528                   1517               252838       -0.428   -26311.039                 149915               252838        1.968        0.000                       0                252452  


------------------------------------------------------------------------------------------------
| Inter Clock Table
| -----------------
------------------------------------------------------------------------------------------------

From Clock    To Clock          WNS(ns)      TNS(ns)  TNS Failing Endpoints  TNS Total Endpoints      WHS(ns)      THS(ns)  THS Failing Endpoints  THS Total Endpoints  
----------    --------          -------      -------  ---------------------  -------------------      -------      -------  ---------------------  -------------------  


------------------------------------------------------------------------------------------------
| Other Path Groups Table
| -----------------------
------------------------------------------------------------------------------------------------

Path Group    From Clock    To Clock          WNS(ns)      TNS(ns)  TNS Failing Endpoints  TNS Total Endpoints      WHS(ns)      THS(ns)  THS Failing Endpoints  THS Total Endpoints  
----------    ----------    --------          -------      -------  ---------------------  -------------------      -------      -------  ---------------------  -------------------  


------------------------------------------------------------------------------------------------
| Timing Details
| --------------
------------------------------------------------------------------------------------------------


---------------------------------------------------------------------------------------------------
From Clock:  sys_clk
  To Clock:  sys_clk

Setup :         1517  Failing Endpoints,  Worst Slack       -0.204ns,  Total Violation     -114.528ns
Hold  :       149915  Failing Endpoints,  Worst Slack       -0.428ns,  Total Violation   -26311.040ns
PW    :            0  Failing Endpoints,  Worst Slack        1.968ns,  Total Violation        0.000ns
---------------------------------------------------------------------------------------------------


Max Delay Paths
--------------------------------------------------------------------------------------
Slack (VIOLATED) :        -0.204ns  (required time - arrival time)
  Source:                 stage1_inp_reg[34438]/C
                            (rising edge-triggered cell FDRE clocked by sys_clk  {rise@0.000ns fall@2.500ns period=5.000ns})
  Destination:            stage2_inp_reg[45518]/D
                            (rising edge-triggered cell FDRE clocked by sys_clk  {rise@0.000ns fall@2.500ns period=5.000ns})
  Path Group:             sys_clk
  Path Type:              Setup (Max at Slow Process Corner)
  Requirement:            5.000ns  (sys_clk rise@5.000ns - sys_clk rise@0.000ns)
  Data Path Delay:        4.683ns  (logic 0.969ns (20.692%)  route 3.714ns (79.308%))
  Logic Levels:           12  (CARRY8=2 LUT2=2 LUT4=3 LUT5=1 LUT6=4)
  Clock Path Skew:        -0.007ns (DCD - SCD + CPR)
    Destination Clock Delay (DCD):    0.021ns = ( 5.021 - 5.000 ) 
    Source Clock Delay      (SCD):    0.028ns
    Clock Pessimism Removal (CPR):    0.000ns
  Clock Uncertainty:      0.535ns  ((TSJ^2 + TIJ^2)^1/2 + DJ) / 2 + PE + UU
    Total System Jitter     (TSJ):    0.071ns
    Total Input Jitter      (TIJ):    0.000ns
    Discrete Jitter          (DJ):    0.000ns
    Phase Error              (PE):    0.000ns
    User Uncertainty         (UU):    0.500ns
  Inter-SLR Compensation: 0.003ns  (DCD * PF)
    Destination Clock Delay (DCD):    0.021ns
    Prorating Factor         (PF):    0.150

    Location             Delay type                Incr(ns)  Path(ns)    Netlist Resource(s)
  -------------------------------------------------------------------    -------------------
                         (clock sys_clk rise edge)    0.000     0.000 r  
                                                      0.000     0.000 r  clk (IN)
                         net (fo=252466, unset)       0.028     0.028    clk
    SLICE_X183Y235       FDRE                                         r  stage1_inp_reg[34438]/C
  -------------------------------------------------------------------    -------------------
    SLICE_X183Y235       FDRE (Prop_AFF_SLICEL_C_Q)
                                                      0.079     0.107 r  stage1_inp_reg[34438]/Q
                         net (fo=4, estimated)        0.404     0.511    stage1_inp[34438]
    SLICE_X177Y238       LUT2 (Prop_B6LUT_SLICEL_I1_O)
                                                      0.036     0.547 r  accum0_carry_i_7__1986/O
                         net (fo=1, routed)           0.009     0.556    accum0_carry_i_7__1986_n_0
    SLICE_X177Y238       CARRY8 (Prop_CARRY8_SLICEL_S[1]_O[4])
                                                      0.200     0.756 r  stage1/op_7134/accum0_carry/O[4]
                         net (fo=2, estimated)        0.212     0.968    stage1/op_7134/accum0_carry_n_11
    SLICE_X176Y238       LUT2 (Prop_D6LUT_SLICEM_I0_O)
                                                      0.037     1.005 r  accum0_carry_i_5__1986/O
                         net (fo=1, routed)           0.025     1.030    accum0_carry_i_5__1986_n_0
    SLICE_X176Y238       CARRY8 (Prop_CARRY8_SLICEM_S[3]_O[5])
                                                      0.184     1.214 r  stage1/op_15086/accum0_carry/O[5]
                         net (fo=3, estimated)        0.243     1.457    stage1/op_15086/accum0_carry_n_10
    SLICE_X178Y238       LUT6 (Prop_F6LUT_SLICEL_I0_O)
                                                      0.148     1.605 r  stage10_inp_reg[7165]_srl9_i_2/O
                         net (fo=4, estimated)        0.147     1.752    stage10_inp_reg[7165]_srl9_i_2_n_0
    SLICE_X178Y238       LUT4 (Prop_A6LUT_SLICEL_I2_O)
                                                      0.035     1.787 f  stage2_inp[17795]_i_3/O
                         net (fo=5, estimated)        0.256     2.043    stage1/v21874_0[7]
    SLICE_X176Y237       LUT6 (Prop_G6LUT_SLICEM_I0_O)
                                                      0.052     2.095 f  stage2_inp[46345]_i_7/O
                         net (fo=5, estimated)        0.178     2.273    stage2_inp[46345]_i_7_n_0
    SLICE_X175Y238       LUT4 (Prop_A6LUT_SLICEM_I3_O)
                                                      0.038     2.311 f  stage2_inp[17795]_i_6/O
                         net (fo=1, estimated)        0.099     2.410    stage2_inp[17795]_i_6_n_0
    SLICE_X175Y238       LUT6 (Prop_B6LUT_SLICEM_I1_O)
                                                      0.037     2.447 r  op_21902/stage2_inp[17795]_i_5/O
                         net (fo=1, estimated)        0.094     2.541    op_21902/stage2_inp[17795]_i_5_n_0
    SLICE_X175Y238       LUT6 (Prop_C6LUT_SLICEM_I4_O)
                                                      0.037     2.578 r  op_21902/stage2_inp[17795]_i_2/O
                         net (fo=3, estimated)        0.209     2.787    op_21902/stage2_inp[17795]_i_2_n_0
    SLICE_X177Y239       LUT5 (Prop_G6LUT_SLICEL_I3_O)
                                                      0.035     2.822 r  stage2_inp[46345]_i_2/O
                         net (fo=19, estimated)       1.772     4.594    stage1_out[17794]
    SLR Crossing[0->1]   
    SLICE_X176Y335       LUT4 (Prop_C6LUT_SLICEM_I3_O)
                                                      0.051     4.645 r  stage2_inp[45518]_i_1/O
                         net (fo=1, routed)           0.066     4.711    stage1_out[45518]
    SLICE_X176Y335       FDRE                                         r  stage2_inp_reg[45518]/D
  -------------------------------------------------------------------    -------------------

                         (clock sys_clk rise edge)    5.000     5.000 r  
                                                      0.000     5.000 r  clk (IN)
                         net (fo=252466, unset)       0.021     5.021    clk
    SLICE_X176Y335       FDRE                                         r  stage2_inp_reg[45518]/C
                         clock pessimism              0.000     5.021    
                         inter-SLR compensation      -0.003     5.018    
                         clock uncertainty           -0.535     4.482    
    SLICE_X176Y335       FDRE (Setup_CFF_SLICEM_C_D)
                                                      0.025     4.507    stage2_inp_reg[45518]
  -------------------------------------------------------------------
                         required time                          4.507    
                         arrival time                          -4.711    
  -------------------------------------------------------------------
                         slack                                 -0.204    





Min Delay Paths
--------------------------------------------------------------------------------------
Slack (VIOLATED) :        -0.428ns  (arrival time - required time)
  Source:                 stage2_inp_reg[27350]/C
                            (rising edge-triggered cell FDRE clocked by sys_clk  {rise@0.000ns fall@2.500ns period=5.000ns})
  Destination:            stage10_inp_reg[11305]_srl8/D
                            (rising edge-triggered cell SRL16E clocked by sys_clk  {rise@0.000ns fall@2.500ns period=5.000ns})
  Path Group:             sys_clk
  Path Type:              Hold (Min at Fast Process Corner)
  Requirement:            0.000ns  (sys_clk rise@0.000ns - sys_clk rise@0.000ns)
  Data Path Delay:        0.145ns  (logic 0.040ns (27.586%)  route 0.105ns (72.414%))
  Logic Levels:           0  
  Clock Path Skew:        0.027ns (DCD - SCD - CPR)
    Destination Clock Delay (DCD):    0.039ns
    Source Clock Delay      (SCD):    0.012ns
    Clock Pessimism Removal (CPR):    -0.000ns
  Clock Uncertainty:      0.500ns  ((TSJ^2 + TIJ^2)^1/2 + DJ) / 2 + PE + UU
    Total System Jitter     (TSJ):    0.000ns
    Total Input Jitter      (TIJ):    0.000ns
    Discrete Jitter          (DJ):    0.000ns
    Phase Error              (PE):    0.000ns
    User Uncertainty         (UU):    0.500ns

    Location             Delay type                Incr(ns)  Path(ns)    Netlist Resource(s)
  -------------------------------------------------------------------    -------------------
                         (clock sys_clk rise edge)    0.000     0.000 r  
                                                      0.000     0.000 r  clk (IN)
                         net (fo=252466, unset)       0.012     0.012    clk
    SLICE_X151Y221       FDRE                                         r  stage2_inp_reg[27350]/C
  -------------------------------------------------------------------    -------------------
    SLICE_X151Y221       FDRE (Prop_BFF2_SLICEL_C_Q)
                                                      0.040     0.052 r  stage2_inp_reg[27350]/Q
                         net (fo=2, estimated)        0.105     0.157    stage2_inp[27350]
    SLICE_X154Y221       SRL16E                                       r  stage10_inp_reg[11305]_srl8/D
  -------------------------------------------------------------------    -------------------

                         (clock sys_clk rise edge)    0.000     0.000 r  
                                                      0.000     0.000 r  clk (IN)
                         net (fo=252466, unset)       0.039     0.039    clk
    SLICE_X154Y221       SRL16E                                       r  stage10_inp_reg[11305]_srl8/CLK
                         clock pessimism              0.000     0.039    
                         clock uncertainty            0.500     0.539    
    SLICE_X154Y221       SRL16E (Hold_A5LUT_SLICEM_CLK_D)
                                                      0.046     0.585    stage10_inp_reg[11305]_srl8
  -------------------------------------------------------------------
                         required time                         -0.585    
                         arrival time                           0.157    
  -------------------------------------------------------------------
                         slack                                 -0.428    





Pulse Width Checks
--------------------------------------------------------------------------------------
Clock Name:         sys_clk
Waveform(ns):       { 0.000 2.500 }
Period(ns):         5.000
Sources:            { clk }

Check Type        Corner  Lib Pin     Reference Pin  Required(ns)  Actual(ns)  Slack(ns)  Location       Pin
Min Period        n/a     SRL16E/CLK  n/a            1.064         5.000       3.936      SLICE_X42Y191  stage10_inp_reg[0]_srl10/CLK
Low Pulse Width   Slow    SRL16E/CLK  n/a            0.532         2.500       1.968      SLICE_X42Y191  stage10_inp_reg[0]_srl10/CLK
High Pulse Width  Slow    SRL16E/CLK  n/a            0.532         2.500       1.968      SLICE_X42Y191  stage10_inp_reg[0]_srl10/CLK



